---
source: crates/celox-ts-gen/src/generator.rs
expression: "modules[0].dts_content"
---
import type { ModuleDefinition } from "@celox-sim/celox";

export interface CounterPorts {
  readonly cnt: { at(i: number): bigint; readonly length: number };
  rst: bigint;
}

export declare const Counter: ModuleDefinition<CounterPorts>;
