---
source: crates/celox-ts-gen/src/generator.rs
expression: "modules[0].dts_content"
---
import type { ModuleDefinition } from "@celox-sim/celox";

export interface AdderPorts {
  a: bigint;
  b: bigint;
  rst: bigint;
  readonly sum: bigint;
}

export declare const Adder: ModuleDefinition<AdderPorts>;
