---
source: crates/celox-ts-gen/src/generator.rs
expression: "modules[0].dts_content"
---
import type { ModuleDefinition } from "@celox-sim/celox";

export interface BitModulePorts {
  data: bigint;
  en: bigint;
  readonly result: bigint;
}

export declare const BitModule: ModuleDefinition<BitModulePorts>;
