---
source: crates/celox-ts-gen/src/generator.rs
expression: "modules[0].md_content"
---
# Adder

## Ports

| Port | Direction | Type | Width | TS Type | 4-State |
|------|-----------|------|-------|---------|--------|
| a | input | logic | 16 | `bigint` | yes |
| b | input | logic | 16 | `bigint` | yes |
| rst | input | reset | 1 | `bigint` | yes |
| sum | output | logic | 17 | `bigint` (readonly) | yes |

## Events

| Event | Port |
|-------|------|
| clk | clk |
