---
source: crates/celox/tests/data_access.rs
expression: output
---
=== Evaluation Flip-Flops (eval_apply_ffs) ===

=== Evaluation Flip-Flops (eval_only_ffs) ===

=== Application Flip-Flops (apply_ffs) ===

=== Evaluation Combinational Logic (eval_comb) ===
Execution Unit 0:
  Entry Block: 0
  Registers:
    r0: bit<8>
    r1: bit<8>
    r2: bit<8>
    r3: bit<8>
    r4: bit<32>
    r5: logic<32>
    r6: bit<64>
    r7: logic<2>
    r8: bit<6>
    r9: bit<64>
    r10: logic<8>
    r11: logic<8>
    r12: bit<64>
    r13: bit<64>
    r14: bit<64>
    r15: bit<64>
    r16: logic<8>
    r17: bit<8>
    r18: logic<8>
  b0:
    r7 = Load(addr=i (region=0), offset=0, bits=2)
    r0 = SIRValue(0xaa)
    r1 = SIRValue(0xbb)
    r2 = SIRValue(0xcc)
    r3 = SIRValue(0xdd)
    r4 = Concat(r3, r2, r1, r0)
    Store(addr=a (region=0), offset=0, bits=32, src_reg = 4)
    r8 = SIRValue(0x0)
    r9 = SIRValue(0x2)
    r10 = r8 Shl r9
    r11 = r7 Or r10
    r12 = SIRValue(0x8)
    r13 = r11 Mul r12
    r5 = Load(addr=a (region=0), offset=r13, bits=32)
    r17 = SIRValue(0xff)
    r18 = r5 And r17
    Store(addr=o (region=0), offset=0, bits=8, src_reg = 18)
    Return
