---
source: crates/celox/tests/error_readability.rs
expression: err
---
scheduler

  × Combinational loop detected: y[0] -> z[0] -> x[0]
   ╭─[:3:17]
 2 │         module Top (a: input logic, o: output logic) {
 3 │             var x: logic;
   ·                 ┬
   ·                 ╰── loop participant
 4 │             var y: logic;
   ·                 ┬
   ·                 ╰── loop participant
 5 │             var z: logic;
   ·                 ┬
   ·                 ╰── loop participant
 6 │             assign x = y;
   ╰────
