---
source: crates/celox/tests/false_loop.rs
expression: sir_output
---
=== Evaluation Flip-Flops (eval_apply_ffs) ===

=== Evaluation Flip-Flops (eval_only_ffs) ===

=== Application Flip-Flops (apply_ffs) ===

=== Evaluation Combinational Logic (eval_comb) ===
Execution Unit 0:
  Entry Block: 0
  Registers:
    r0: bit<64>
    r1: bit<64>
    r2: bit<64>
    r3: bit<1>
    r5: bit<1>
    r6: bit<31>
    r15: logic<1>
    r16: logic<32>
    r17: logic<32>
    r19: logic<1>
    r20: bit<1>
    r21: logic<1>
    r22: bit<1>
    r24: bit<1>
    r37: bit<1>
    r38: bit<1>
    r39: bit<1>
    r52: bit<1>
    r53: bit<1>
    r54: bit<1>
    r67: bit<1>
    r68: bit<1>
    r69: bit<1>
    r82: bit<1>
    r83: bit<1>
    r84: bit<1>
    r97: bit<1>
    r98: bit<1>
    r99: bit<1>
    r112: bit<1>
    r113: bit<1>
    r114: bit<1>
    r127: bit<1>
    r128: bit<1>
    r129: bit<1>
    r142: bit<1>
    r143: bit<1>
    r144: bit<1>
    r157: bit<1>
    r158: bit<1>
    r159: bit<1>
    r172: bit<1>
    r173: bit<1>
    r174: bit<1>
    r187: bit<1>
    r188: bit<1>
    r189: bit<1>
    r202: bit<1>
    r203: bit<1>
    r204: bit<1>
    r217: bit<1>
    r218: bit<1>
    r219: bit<1>
    r232: bit<1>
    r233: bit<1>
    r234: bit<1>
    r247: bit<1>
    r248: bit<1>
    r249: bit<1>
    r262: bit<1>
    r263: bit<1>
    r264: bit<1>
    r277: bit<1>
    r278: bit<1>
    r279: bit<1>
    r292: bit<1>
    r293: bit<1>
    r294: bit<1>
    r307: bit<1>
    r308: bit<1>
    r309: bit<64>
    r310: bit<64>
    r311: logic<20>
    r312: logic<20>
    r313: bit<20>
    r314: bit<20>
  b0:
    r0 = SIRValue(0x0)
    r1 = SIRValue(0x13)
    Jump(b1 [r0])
  b1:
    params: [r2]
    r3 = r2 LtU r1
    Branch(r3 ? b2 : b4)
  b2:
    r5 = Load(addr=v (region=0), offset=3, bits=1)
    r15 = Load(addr=i (region=0), offset=0, bits=1)
    r24 = Load(addr=v (region=0), offset=4, bits=1)
    r39 = Load(addr=v (region=0), offset=2, bits=1)
    r54 = Load(addr=v (region=0), offset=1, bits=1)
    r69 = Load(addr=v (region=0), offset=5, bits=1)
    r84 = Load(addr=v (region=0), offset=6, bits=1)
    r99 = Load(addr=v (region=0), offset=7, bits=1)
    r6 = SIRValue(0x0)
    r16 = Concat(r6, r15)
    r114 = Load(addr=v (region=0), offset=8, bits=1)
    r17 = Ident r16
    r19 = r17 Shr r0
    r20 = SIRValue(0x1)
    r21 = r19 And r20
    r22 = r5 Ne r21
    r129 = Load(addr=v (region=0), offset=9, bits=1)
    r37 = r24 Ne r21
    r144 = Load(addr=v (region=0), offset=10, bits=1)
    r38 = r22 Or r37
    r52 = r39 Ne r21
    r159 = Load(addr=v (region=0), offset=11, bits=1)
    r53 = r38 Or r52
    r67 = r54 Ne r21
    r174 = Load(addr=v (region=0), offset=12, bits=1)
    r68 = r53 Or r67
    r82 = r69 Ne r21
    r189 = Load(addr=v (region=0), offset=13, bits=1)
    r83 = r68 Or r82
    r97 = r84 Ne r21
    r204 = Load(addr=v (region=0), offset=14, bits=1)
    r98 = r83 Or r97
    r112 = r99 Ne r21
    r219 = Load(addr=v (region=0), offset=15, bits=1)
    r113 = r98 Or r112
    r127 = r114 Ne r21
    r234 = Load(addr=v (region=0), offset=16, bits=1)
    r128 = r113 Or r127
    r142 = r129 Ne r21
    r249 = Load(addr=v (region=0), offset=17, bits=1)
    r143 = r128 Or r142
    r157 = r144 Ne r21
    r264 = Load(addr=v (region=0), offset=18, bits=1)
    r158 = r143 Or r157
    r172 = r159 Ne r21
    r279 = Load(addr=v (region=0), offset=19, bits=1)
    r173 = r158 Or r172
    r187 = r174 Ne r21
    r294 = Load(addr=v (region=0), offset=0, bits=1)
    r188 = r173 Or r187
    r202 = r189 Ne r21
    r203 = r188 Or r202
    r217 = r204 Ne r21
    r218 = r203 Or r217
    r232 = r219 Ne r21
    r233 = r218 Or r232
    r247 = r234 Ne r21
    r248 = r233 Or r247
    r262 = r249 Ne r21
    r263 = r248 Or r262
    r277 = r264 Ne r21
    r278 = r263 Or r277
    r292 = r279 Ne r21
    r293 = r278 Or r292
    r307 = r294 Ne r21
    r308 = r293 Or r307
    r313 = SIRValue(0x0)
    r314 = SIRValue(0xfffff)
    r312 = Mux(cond=r21, then=r314, else=r313)
    Store(addr=v (region=0), offset=0, bits=20, src_reg = 312)
    r309 = SIRValue(0x1)
    r310 = r2 Add r309
    Branch(r308 ? b1 [r310] : b3)
  b3:
    r311 = Load(addr=v (region=0), offset=0, bits=20)
    Store(addr=o (region=0), offset=0, bits=20, src_reg = 311)
    Return
  b4:
    Error(2000)
