---
source: crates/celox/tests/false_loop.rs
expression: sir_output
---
=== Evaluation Flip-Flops (eval_apply_ffs) ===

=== Evaluation Flip-Flops (eval_only_ffs) ===

=== Application Flip-Flops (apply_ffs) ===

=== Evaluation Combinational Logic (eval_comb) ===
Execution Unit 0:
  Entry Block: 0
  Registers:
    r0: bit<64>
    r1: bit<64>
    r2: bit<64>
    r3: bit<1>
    r4: bit<1>
    r5: bit<1>
    r6: logic<1>
    r7: bit<31>
    r8: bit<64>
    r9: logic<32>
    r10: logic<32>
    r11: bit<32>
    r12: logic<32>
    r13: logic<1>
    r14: bit<64>
    r15: logic<32>
    r16: logic<32>
    r17: logic<32>
    r18: logic<32>
    r19: logic<1>
    r20: logic<32>
    r21: bit<64>
    r22: logic<1>
    r23: bit<1>
    r24: logic<1>
    r25: bit<1>
    r26: bit<1>
    r27: bit<1>
    r28: logic<1>
    r29: bit<64>
    r30: logic<32>
    r31: logic<32>
    r32: logic<32>
    r33: logic<1>
    r34: bit<64>
    r35: logic<32>
    r36: logic<32>
    r37: logic<32>
    r38: logic<32>
    r39: logic<32>
    r40: bit<64>
    r41: logic<1>
    r42: bit<1>
    r43: logic<1>
    r44: bit<1>
    r45: bit<1>
    r46: bit<1>
    r47: logic<1>
    r48: bit<64>
    r49: logic<32>
    r50: logic<32>
    r51: logic<32>
    r52: logic<1>
    r53: bit<64>
    r54: logic<32>
    r55: logic<32>
    r56: logic<32>
    r57: logic<32>
    r58: logic<32>
    r59: bit<64>
    r60: logic<1>
    r61: bit<1>
    r62: logic<1>
    r63: bit<1>
    r64: bit<1>
    r65: bit<1>
    r66: logic<1>
    r67: bit<64>
    r68: logic<32>
    r69: logic<32>
    r70: logic<32>
    r71: logic<1>
    r72: bit<64>
    r73: logic<32>
    r74: logic<32>
    r75: logic<32>
    r76: logic<32>
    r77: logic<32>
    r78: bit<64>
    r79: logic<1>
    r80: bit<1>
    r81: logic<1>
    r82: bit<1>
    r83: bit<1>
    r84: bit<1>
    r85: logic<1>
    r86: bit<64>
    r87: logic<32>
    r88: logic<32>
    r89: logic<32>
    r90: logic<1>
    r91: bit<64>
    r92: logic<32>
    r93: logic<32>
    r94: logic<32>
    r95: logic<32>
    r96: logic<32>
    r97: bit<64>
    r98: logic<1>
    r99: bit<1>
    r100: logic<1>
    r101: bit<1>
    r102: bit<1>
    r103: bit<1>
    r104: logic<1>
    r105: bit<64>
    r106: logic<32>
    r107: logic<32>
    r108: logic<32>
    r109: logic<1>
    r110: bit<64>
    r111: logic<32>
    r112: logic<32>
    r113: logic<32>
    r114: logic<32>
    r115: logic<32>
    r116: bit<64>
    r117: logic<1>
    r118: bit<1>
    r119: logic<1>
    r120: bit<1>
    r121: bit<1>
    r122: bit<1>
    r123: logic<1>
    r124: bit<64>
    r125: logic<32>
    r126: logic<32>
    r127: logic<32>
    r128: logic<1>
    r129: bit<64>
    r130: logic<32>
    r131: logic<32>
    r132: logic<32>
    r133: logic<32>
    r134: logic<32>
    r135: bit<64>
    r136: logic<1>
    r137: bit<1>
    r138: logic<1>
    r139: bit<1>
    r140: bit<1>
    r141: bit<1>
    r142: logic<1>
    r143: bit<64>
    r144: logic<32>
    r145: logic<32>
    r146: logic<32>
    r147: logic<1>
    r148: bit<64>
    r149: logic<32>
    r150: logic<32>
    r151: logic<32>
    r152: logic<32>
    r153: logic<32>
    r154: bit<64>
    r155: logic<1>
    r156: bit<1>
    r157: logic<1>
    r158: bit<1>
    r159: bit<1>
    r160: bit<1>
    r161: logic<1>
    r162: bit<64>
    r163: logic<32>
    r164: logic<32>
    r165: logic<32>
    r166: logic<1>
    r167: bit<64>
    r168: logic<32>
    r169: logic<32>
    r170: logic<32>
    r171: logic<32>
    r172: logic<32>
    r173: bit<64>
    r174: logic<1>
    r175: bit<1>
    r176: logic<1>
    r177: bit<1>
    r178: bit<1>
    r179: bit<1>
    r180: logic<1>
    r181: bit<64>
    r182: logic<32>
    r183: logic<32>
    r184: logic<32>
    r185: logic<1>
    r186: bit<64>
    r187: logic<32>
    r188: logic<32>
    r189: logic<32>
    r190: logic<32>
    r191: logic<32>
    r192: bit<64>
    r193: logic<1>
    r194: bit<1>
    r195: logic<1>
    r196: bit<1>
    r197: bit<1>
    r198: bit<1>
    r199: logic<1>
    r200: bit<64>
    r201: logic<32>
    r202: logic<32>
    r203: logic<32>
    r204: logic<1>
    r205: bit<64>
    r206: logic<32>
    r207: logic<32>
    r208: logic<32>
    r209: logic<32>
    r210: logic<32>
    r211: bit<64>
    r212: logic<1>
    r213: bit<1>
    r214: logic<1>
    r215: bit<1>
    r216: bit<1>
    r217: bit<1>
    r218: logic<1>
    r219: bit<64>
    r220: logic<32>
    r221: logic<32>
    r222: logic<32>
    r223: logic<1>
    r224: bit<64>
    r225: logic<32>
    r226: logic<32>
    r227: logic<32>
    r228: logic<32>
    r229: logic<32>
    r230: bit<64>
    r231: logic<1>
    r232: bit<1>
    r233: logic<1>
    r234: bit<1>
    r235: bit<1>
    r236: bit<1>
    r237: logic<1>
    r238: bit<64>
    r239: logic<32>
    r240: logic<32>
    r241: logic<32>
    r242: logic<1>
    r243: bit<64>
    r244: logic<32>
    r245: logic<32>
    r246: logic<32>
    r247: logic<32>
    r248: logic<32>
    r249: bit<64>
    r250: logic<1>
    r251: bit<1>
    r252: logic<1>
    r253: bit<1>
    r254: bit<1>
    r255: bit<1>
    r256: logic<1>
    r257: bit<64>
    r258: logic<32>
    r259: logic<32>
    r260: logic<32>
    r261: logic<1>
    r262: bit<64>
    r263: logic<32>
    r264: logic<32>
    r265: logic<32>
    r266: logic<32>
    r267: logic<32>
    r268: bit<64>
    r269: logic<1>
    r270: bit<1>
    r271: logic<1>
    r272: bit<1>
    r273: bit<1>
    r274: bit<1>
    r275: logic<1>
    r276: bit<64>
    r277: logic<32>
    r278: logic<32>
    r279: logic<32>
    r280: logic<1>
    r281: bit<64>
    r282: logic<32>
    r283: logic<32>
    r284: logic<32>
    r285: logic<32>
    r286: logic<32>
    r287: bit<64>
    r288: logic<1>
    r289: bit<1>
    r290: logic<1>
    r291: bit<1>
    r292: bit<1>
    r293: bit<1>
    r294: logic<1>
    r295: bit<64>
    r296: logic<32>
    r297: logic<32>
    r298: logic<32>
    r299: logic<1>
    r300: bit<64>
    r301: logic<32>
    r302: logic<32>
    r303: logic<32>
    r304: logic<32>
    r305: logic<32>
    r306: bit<64>
    r307: logic<1>
    r308: bit<1>
    r309: logic<1>
    r310: bit<1>
    r311: bit<1>
    r312: bit<1>
    r313: logic<1>
    r314: bit<64>
    r315: logic<32>
    r316: logic<32>
    r317: logic<32>
    r318: logic<1>
    r319: bit<64>
    r320: logic<32>
    r321: logic<32>
    r322: logic<32>
    r323: logic<32>
    r324: logic<32>
    r325: bit<64>
    r326: logic<1>
    r327: bit<1>
    r328: logic<1>
    r329: bit<1>
    r330: bit<1>
    r331: bit<1>
    r332: logic<1>
    r333: bit<64>
    r334: logic<32>
    r335: logic<32>
    r336: logic<32>
    r337: logic<1>
    r338: bit<64>
    r339: logic<32>
    r340: logic<32>
    r341: logic<32>
    r342: logic<32>
    r343: logic<32>
    r344: bit<64>
    r345: logic<1>
    r346: bit<1>
    r347: logic<1>
    r348: bit<1>
    r349: bit<1>
    r350: bit<1>
    r351: logic<1>
    r352: bit<64>
    r353: logic<32>
    r354: logic<32>
    r355: logic<32>
    r356: logic<1>
    r357: bit<64>
    r358: logic<32>
    r359: logic<32>
    r360: logic<32>
    r361: logic<32>
    r362: logic<32>
    r363: bit<64>
    r364: logic<1>
    r365: bit<1>
    r366: logic<1>
    r367: bit<1>
    r368: bit<1>
    r369: bit<1>
    r370: logic<1>
    r371: bit<64>
    r372: logic<32>
    r373: logic<32>
    r374: logic<32>
    r375: logic<1>
    r376: bit<64>
    r377: logic<32>
    r378: logic<32>
    r379: logic<32>
    r380: logic<32>
    r381: logic<32>
    r382: bit<64>
    r383: logic<1>
    r384: bit<1>
    r385: logic<1>
    r386: bit<1>
    r387: bit<1>
    r388: bit<64>
    r389: bit<64>
    r390: logic<20>
    r391: logic<64>
    r392: logic<64>
    r393: logic<64>
    r394: logic<64>
    r395: logic<64>
    r396: logic<64>
    r397: logic<64>
    r398: logic<64>
    r399: logic<64>
    r400: logic<64>
    r401: logic<64>
    r402: logic<64>
    r403: logic<64>
    r404: logic<64>
    r405: logic<64>
    r406: logic<64>
    r407: logic<64>
    r408: logic<64>
    r409: logic<64>
    r410: logic<64>
    r411: logic<64>
    r412: logic<64>
    r413: logic<64>
    r414: logic<64>
    r415: logic<64>
    r416: logic<64>
    r417: logic<64>
    r418: logic<64>
    r419: logic<64>
    r420: logic<64>
    r421: logic<64>
    r422: logic<64>
    r423: logic<64>
    r424: logic<64>
    r425: logic<64>
    r426: logic<64>
    r427: logic<64>
    r428: logic<64>
    r429: logic<64>
    r430: logic<64>
    r431: logic<64>
    r432: logic<64>
    r433: logic<64>
    r434: logic<64>
    r435: logic<64>
    r436: logic<64>
    r437: logic<64>
    r438: logic<64>
    r439: logic<64>
    r440: logic<64>
    r441: logic<64>
    r442: logic<64>
    r443: logic<64>
    r444: logic<64>
    r445: logic<64>
    r446: logic<64>
    r447: logic<64>
    r448: logic<64>
    r449: logic<64>
    r450: logic<64>
    r451: logic<64>
    r452: logic<64>
    r453: logic<64>
    r454: logic<64>
    r455: logic<64>
    r456: logic<64>
    r457: logic<64>
    r458: logic<64>
    r459: logic<64>
    r460: logic<64>
    r461: logic<64>
    r462: logic<64>
    r463: logic<64>
    r464: logic<64>
    r465: logic<64>
    r466: logic<64>
    r467: logic<64>
    r468: logic<64>
    r469: logic<64>
    r470: logic<64>
    r471: logic<64>
    r472: logic<64>
    r473: logic<64>
    r474: logic<64>
    r475: logic<64>
    r476: logic<64>
    r477: logic<64>
    r478: logic<64>
    r479: logic<64>
    r480: logic<64>
    r481: logic<64>
    r482: logic<64>
    r483: logic<64>
    r484: logic<64>
    r485: logic<64>
    r486: logic<64>
    r487: logic<64>
    r488: logic<64>
    r489: logic<64>
    r490: logic<64>
    r491: logic<64>
    r492: logic<64>
    r493: logic<64>
    r494: logic<64>
    r495: logic<64>
    r496: logic<64>
    r497: logic<64>
    r498: logic<64>
    r499: logic<64>
    r500: logic<64>
    r501: logic<64>
    r502: logic<64>
    r503: logic<64>
    r504: logic<64>
    r505: logic<64>
    r506: logic<64>
    r507: logic<64>
    r508: logic<64>
    r509: logic<64>
    r510: logic<64>
    r511: logic<64>
    r512: logic<64>
    r513: logic<64>
    r514: logic<64>
    r515: logic<64>
    r516: logic<64>
    r517: logic<64>
    r518: logic<64>
    r519: logic<64>
    r520: logic<64>
    r521: logic<64>
    r522: logic<64>
  b0:
    r0 = SIRValue(0x0)
    r1 = SIRValue(0x13)
    Jump(b1 [r0])
  b1:
    r3 = r2 LtU r1
    Branch(r3 ? b2 : b4)
  b2:
    r391 = Load(addr=v (region=0), offset=0, bits=64)
    r19 = Load(addr=i (region=0), offset=0, bits=1)
    r369 = Load(addr=v (region=0), offset=0, bits=1)
    r392 = SIRValue(0x3)
    r393 = r391 Shr r392
    r394 = SIRValue(0x1)
    r5 = r393 And r394
    r395 = SIRValue(0x2)
    r396 = r391 Shr r395
    r397 = SIRValue(0x1)
    r6 = r396 And r397
    r7 = SIRValue(0x0)
    r8 = SIRValue(0x1)
    r9 = r7 Shl r8
    r10 = r6 Or r9
    r11 = SIRValue(0x0)
    r12 = r10 And r11
    r398 = SIRValue(0x4)
    r399 = r391 Shr r398
    r400 = SIRValue(0x1)
    r13 = r399 And r400
    r14 = SIRValue(0x1)
    r15 = r7 Shl r14
    r16 = r13 Or r15
    r17 = r16 And r11
    r18 = r12 Xor r17
    r20 = r18 Xor r19
    r23 = SIRValue(0x1)
    r24 = r20 And r23
    Store(addr=v (region=0), offset=3, bits=1, src_reg = 24)
    r401 = Load(addr=v (region=0), offset=0, bits=64)
    r25 = r5 Ne r24
    r402 = SIRValue(0x4)
    r403 = r401 Shr r402
    r404 = SIRValue(0x1)
    r27 = r403 And r404
    r29 = SIRValue(0x1)
    r30 = r7 Shl r29
    r31 = r24 Or r30
    r32 = r31 And r11
    r405 = SIRValue(0x5)
    r406 = r401 Shr r405
    r407 = SIRValue(0x1)
    r33 = r406 And r407
    r34 = SIRValue(0x1)
    r35 = r7 Shl r34
    r36 = r33 Or r35
    r37 = r36 And r11
    r38 = r32 Xor r37
    r39 = r38 Xor r19
    r42 = SIRValue(0x1)
    r43 = r39 And r42
    Store(addr=v (region=0), offset=4, bits=1, src_reg = 43)
    r408 = Load(addr=v (region=0), offset=0, bits=64)
    r44 = r27 Ne r43
    r45 = r25 Or r44
    r409 = SIRValue(0x2)
    r410 = r408 Shr r409
    r411 = SIRValue(0x1)
    r46 = r410 And r411
    r412 = SIRValue(0x1)
    r413 = r408 Shr r412
    r414 = SIRValue(0x1)
    r47 = r413 And r414
    r48 = SIRValue(0x1)
    r49 = r7 Shl r48
    r50 = r47 Or r49
    r51 = r50 And r11
    r53 = SIRValue(0x1)
    r54 = r7 Shl r53
    r55 = r24 Or r54
    r56 = r55 And r11
    r57 = r51 Xor r56
    r58 = r57 Xor r19
    r61 = SIRValue(0x1)
    r62 = r58 And r61
    Store(addr=v (region=0), offset=2, bits=1, src_reg = 62)
    r415 = Load(addr=v (region=0), offset=0, bits=64)
    r63 = r46 Ne r62
    r64 = r45 Or r63
    r416 = SIRValue(0x1)
    r417 = r415 Shr r416
    r418 = SIRValue(0x1)
    r65 = r417 And r418
    r419 = SIRValue(0x1)
    r66 = r415 And r419
    r67 = SIRValue(0x1)
    r68 = r7 Shl r67
    r69 = r66 Or r68
    r70 = r69 And r11
    r72 = SIRValue(0x1)
    r73 = r7 Shl r72
    r74 = r62 Or r73
    r75 = r74 And r11
    r76 = r70 Xor r75
    r77 = r76 Xor r19
    r80 = SIRValue(0x1)
    r81 = r77 And r80
    Store(addr=v (region=0), offset=1, bits=1, src_reg = 81)
    r420 = Load(addr=v (region=0), offset=0, bits=64)
    r82 = r65 Ne r81
    r83 = r64 Or r82
    r421 = SIRValue(0x5)
    r422 = r420 Shr r421
    r423 = SIRValue(0x1)
    r84 = r422 And r423
    r86 = SIRValue(0x1)
    r87 = r7 Shl r86
    r88 = r43 Or r87
    r89 = r88 And r11
    r424 = SIRValue(0x6)
    r425 = r420 Shr r424
    r426 = SIRValue(0x1)
    r90 = r425 And r426
    r91 = SIRValue(0x1)
    r92 = r7 Shl r91
    r93 = r90 Or r92
    r94 = r93 And r11
    r95 = r89 Xor r94
    r96 = r95 Xor r19
    r99 = SIRValue(0x1)
    r100 = r96 And r99
    Store(addr=v (region=0), offset=5, bits=1, src_reg = 100)
    r427 = Load(addr=v (region=0), offset=0, bits=64)
    r101 = r84 Ne r100
    r102 = r83 Or r101
    r428 = SIRValue(0x6)
    r429 = r427 Shr r428
    r430 = SIRValue(0x1)
    r103 = r429 And r430
    r105 = SIRValue(0x1)
    r106 = r7 Shl r105
    r107 = r100 Or r106
    r108 = r107 And r11
    r431 = SIRValue(0x7)
    r432 = r427 Shr r431
    r433 = SIRValue(0x1)
    r109 = r432 And r433
    r110 = SIRValue(0x1)
    r111 = r7 Shl r110
    r112 = r109 Or r111
    r113 = r112 And r11
    r114 = r108 Xor r113
    r115 = r114 Xor r19
    r118 = SIRValue(0x1)
    r119 = r115 And r118
    Store(addr=v (region=0), offset=6, bits=1, src_reg = 119)
    r434 = Load(addr=v (region=0), offset=0, bits=64)
    r120 = r103 Ne r119
    r121 = r102 Or r120
    r435 = SIRValue(0x7)
    r436 = r434 Shr r435
    r437 = SIRValue(0x1)
    r122 = r436 And r437
    r124 = SIRValue(0x1)
    r125 = r7 Shl r124
    r126 = r119 Or r125
    r127 = r126 And r11
    r438 = SIRValue(0x8)
    r439 = r434 Shr r438
    r440 = SIRValue(0x1)
    r128 = r439 And r440
    r129 = SIRValue(0x1)
    r130 = r7 Shl r129
    r131 = r128 Or r130
    r132 = r131 And r11
    r133 = r127 Xor r132
    r134 = r133 Xor r19
    r137 = SIRValue(0x1)
    r138 = r134 And r137
    Store(addr=v (region=0), offset=7, bits=1, src_reg = 138)
    r441 = Load(addr=v (region=0), offset=0, bits=64)
    r139 = r122 Ne r138
    r140 = r121 Or r139
    r442 = SIRValue(0x8)
    r443 = r441 Shr r442
    r444 = SIRValue(0x1)
    r141 = r443 And r444
    r143 = SIRValue(0x1)
    r144 = r7 Shl r143
    r145 = r138 Or r144
    r146 = r145 And r11
    r445 = SIRValue(0x9)
    r446 = r441 Shr r445
    r447 = SIRValue(0x1)
    r147 = r446 And r447
    r148 = SIRValue(0x1)
    r149 = r7 Shl r148
    r150 = r147 Or r149
    r151 = r150 And r11
    r152 = r146 Xor r151
    r153 = r152 Xor r19
    r156 = SIRValue(0x1)
    r157 = r153 And r156
    Store(addr=v (region=0), offset=8, bits=1, src_reg = 157)
    r448 = Load(addr=v (region=0), offset=0, bits=64)
    r158 = r141 Ne r157
    r159 = r140 Or r158
    r449 = SIRValue(0x9)
    r450 = r448 Shr r449
    r451 = SIRValue(0x1)
    r160 = r450 And r451
    r162 = SIRValue(0x1)
    r163 = r7 Shl r162
    r164 = r157 Or r163
    r165 = r164 And r11
    r452 = SIRValue(0xa)
    r453 = r448 Shr r452
    r454 = SIRValue(0x1)
    r166 = r453 And r454
    r167 = SIRValue(0x1)
    r168 = r7 Shl r167
    r169 = r166 Or r168
    r170 = r169 And r11
    r171 = r165 Xor r170
    r172 = r171 Xor r19
    r175 = SIRValue(0x1)
    r176 = r172 And r175
    Store(addr=v (region=0), offset=9, bits=1, src_reg = 176)
    r455 = Load(addr=v (region=0), offset=0, bits=64)
    r177 = r160 Ne r176
    r178 = r159 Or r177
    r456 = SIRValue(0xa)
    r457 = r455 Shr r456
    r458 = SIRValue(0x1)
    r179 = r457 And r458
    r181 = SIRValue(0x1)
    r182 = r7 Shl r181
    r183 = r176 Or r182
    r184 = r183 And r11
    r459 = SIRValue(0xb)
    r460 = r455 Shr r459
    r461 = SIRValue(0x1)
    r185 = r460 And r461
    r186 = SIRValue(0x1)
    r187 = r7 Shl r186
    r188 = r185 Or r187
    r189 = r188 And r11
    r190 = r184 Xor r189
    r191 = r190 Xor r19
    r194 = SIRValue(0x1)
    r195 = r191 And r194
    Store(addr=v (region=0), offset=10, bits=1, src_reg = 195)
    r462 = Load(addr=v (region=0), offset=0, bits=64)
    r196 = r179 Ne r195
    r197 = r178 Or r196
    r463 = SIRValue(0xb)
    r464 = r462 Shr r463
    r465 = SIRValue(0x1)
    r198 = r464 And r465
    r200 = SIRValue(0x1)
    r201 = r7 Shl r200
    r202 = r195 Or r201
    r203 = r202 And r11
    r466 = SIRValue(0xc)
    r467 = r462 Shr r466
    r468 = SIRValue(0x1)
    r204 = r467 And r468
    r205 = SIRValue(0x1)
    r206 = r7 Shl r205
    r207 = r204 Or r206
    r208 = r207 And r11
    r209 = r203 Xor r208
    r210 = r209 Xor r19
    r213 = SIRValue(0x1)
    r214 = r210 And r213
    Store(addr=v (region=0), offset=11, bits=1, src_reg = 214)
    r469 = Load(addr=v (region=0), offset=0, bits=64)
    r215 = r198 Ne r214
    r216 = r197 Or r215
    r470 = SIRValue(0xc)
    r471 = r469 Shr r470
    r472 = SIRValue(0x1)
    r217 = r471 And r472
    r219 = SIRValue(0x1)
    r220 = r7 Shl r219
    r221 = r214 Or r220
    r222 = r221 And r11
    r473 = SIRValue(0xd)
    r474 = r469 Shr r473
    r475 = SIRValue(0x1)
    r223 = r474 And r475
    r224 = SIRValue(0x1)
    r225 = r7 Shl r224
    r226 = r223 Or r225
    r227 = r226 And r11
    r228 = r222 Xor r227
    r229 = r228 Xor r19
    r232 = SIRValue(0x1)
    r233 = r229 And r232
    Store(addr=v (region=0), offset=12, bits=1, src_reg = 233)
    r476 = Load(addr=v (region=0), offset=0, bits=64)
    r234 = r217 Ne r233
    r235 = r216 Or r234
    r477 = SIRValue(0xd)
    r478 = r476 Shr r477
    r479 = SIRValue(0x1)
    r236 = r478 And r479
    r238 = SIRValue(0x1)
    r239 = r7 Shl r238
    r240 = r233 Or r239
    r241 = r240 And r11
    r480 = SIRValue(0xe)
    r481 = r476 Shr r480
    r482 = SIRValue(0x1)
    r242 = r481 And r482
    r243 = SIRValue(0x1)
    r244 = r7 Shl r243
    r245 = r242 Or r244
    r246 = r245 And r11
    r247 = r241 Xor r246
    r248 = r247 Xor r19
    r251 = SIRValue(0x1)
    r252 = r248 And r251
    Store(addr=v (region=0), offset=13, bits=1, src_reg = 252)
    r483 = Load(addr=v (region=0), offset=0, bits=64)
    r253 = r236 Ne r252
    r254 = r235 Or r253
    r484 = SIRValue(0xe)
    r485 = r483 Shr r484
    r486 = SIRValue(0x1)
    r255 = r485 And r486
    r257 = SIRValue(0x1)
    r258 = r7 Shl r257
    r259 = r252 Or r258
    r260 = r259 And r11
    r487 = SIRValue(0xf)
    r488 = r483 Shr r487
    r489 = SIRValue(0x1)
    r261 = r488 And r489
    r262 = SIRValue(0x1)
    r263 = r7 Shl r262
    r264 = r261 Or r263
    r265 = r264 And r11
    r266 = r260 Xor r265
    r267 = r266 Xor r19
    r270 = SIRValue(0x1)
    r271 = r267 And r270
    Store(addr=v (region=0), offset=14, bits=1, src_reg = 271)
    r490 = Load(addr=v (region=0), offset=0, bits=64)
    r272 = r255 Ne r271
    r273 = r254 Or r272
    r491 = SIRValue(0xf)
    r492 = r490 Shr r491
    r493 = SIRValue(0x1)
    r274 = r492 And r493
    r276 = SIRValue(0x1)
    r277 = r7 Shl r276
    r278 = r271 Or r277
    r279 = r278 And r11
    r494 = SIRValue(0x10)
    r495 = r490 Shr r494
    r496 = SIRValue(0x1)
    r280 = r495 And r496
    r281 = SIRValue(0x1)
    r282 = r7 Shl r281
    r283 = r280 Or r282
    r284 = r283 And r11
    r285 = r279 Xor r284
    r286 = r285 Xor r19
    r289 = SIRValue(0x1)
    r290 = r286 And r289
    Store(addr=v (region=0), offset=15, bits=1, src_reg = 290)
    r497 = Load(addr=v (region=0), offset=0, bits=64)
    r291 = r274 Ne r290
    r292 = r273 Or r291
    r498 = SIRValue(0x10)
    r499 = r497 Shr r498
    r500 = SIRValue(0x1)
    r293 = r499 And r500
    r295 = SIRValue(0x1)
    r296 = r7 Shl r295
    r297 = r290 Or r296
    r298 = r297 And r11
    r501 = SIRValue(0x11)
    r502 = r497 Shr r501
    r503 = SIRValue(0x1)
    r299 = r502 And r503
    r300 = SIRValue(0x1)
    r301 = r7 Shl r300
    r302 = r299 Or r301
    r303 = r302 And r11
    r304 = r298 Xor r303
    r305 = r304 Xor r19
    r308 = SIRValue(0x1)
    r309 = r305 And r308
    Store(addr=v (region=0), offset=16, bits=1, src_reg = 309)
    r504 = Load(addr=v (region=0), offset=0, bits=64)
    r310 = r293 Ne r309
    r311 = r292 Or r310
    r505 = SIRValue(0x11)
    r506 = r504 Shr r505
    r507 = SIRValue(0x1)
    r312 = r506 And r507
    r314 = SIRValue(0x1)
    r315 = r7 Shl r314
    r316 = r309 Or r315
    r317 = r316 And r11
    r508 = SIRValue(0x12)
    r509 = r504 Shr r508
    r510 = SIRValue(0x1)
    r318 = r509 And r510
    r319 = SIRValue(0x1)
    r320 = r7 Shl r319
    r321 = r318 Or r320
    r322 = r321 And r11
    r323 = r317 Xor r322
    r324 = r323 Xor r19
    r327 = SIRValue(0x1)
    r328 = r324 And r327
    Store(addr=v (region=0), offset=17, bits=1, src_reg = 328)
    r511 = Load(addr=v (region=0), offset=0, bits=64)
    r329 = r312 Ne r328
    r330 = r311 Or r329
    r512 = SIRValue(0x12)
    r513 = r511 Shr r512
    r514 = SIRValue(0x1)
    r331 = r513 And r514
    r333 = SIRValue(0x1)
    r334 = r7 Shl r333
    r335 = r328 Or r334
    r336 = r335 And r11
    r515 = SIRValue(0x13)
    r516 = r511 Shr r515
    r517 = SIRValue(0x1)
    r337 = r516 And r517
    r338 = SIRValue(0x1)
    r339 = r7 Shl r338
    r340 = r337 Or r339
    r341 = r340 And r11
    r342 = r336 Xor r341
    r343 = r342 Xor r19
    r346 = SIRValue(0x1)
    r347 = r343 And r346
    Store(addr=v (region=0), offset=18, bits=1, src_reg = 347)
    r518 = Load(addr=v (region=0), offset=0, bits=64)
    r348 = r331 Ne r347
    r349 = r330 Or r348
    r519 = SIRValue(0x13)
    r520 = r518 Shr r519
    r521 = SIRValue(0x1)
    r350 = r520 And r521
    r352 = SIRValue(0x1)
    r353 = r7 Shl r352
    r354 = r347 Or r353
    r355 = r354 And r11
    r522 = SIRValue(0x1)
    r356 = r518 And r522
    r357 = SIRValue(0x1)
    r358 = r7 Shl r357
    r359 = r356 Or r358
    r360 = r359 And r11
    r361 = r355 Xor r360
    r362 = r361 Xor r19
    r365 = SIRValue(0x1)
    r366 = r362 And r365
    Store(addr=v (region=0), offset=19, bits=1, src_reg = 366)
    r367 = r350 Ne r366
    r368 = r349 Or r367
    r371 = SIRValue(0x1)
    r372 = r7 Shl r371
    r373 = r366 Or r372
    r374 = r373 And r11
    r376 = SIRValue(0x1)
    r377 = r7 Shl r376
    r378 = r81 Or r377
    r379 = r378 And r11
    r380 = r374 Xor r379
    r381 = r380 Xor r19
    r384 = SIRValue(0x1)
    r385 = r381 And r384
    Store(addr=v (region=0), offset=0, bits=1, src_reg = 385)
    r386 = r369 Ne r385
    r387 = r368 Or r386
    r388 = SIRValue(0x1)
    r389 = r2 Add r388
    Branch(r387 ? b1 [r389] : b3)
  b3:
    r390 = Load(addr=v (region=0), offset=0, bits=20)
    Store(addr=o (region=0), offset=0, bits=20, src_reg = 390)
    Return
  b4:
    Error(1)
