---
source: crates/celox/tests/native_mir.rs
expression: output
---
=== MIR (all native execution units) ===
=== MIR (eval_comb) ===
Execution Unit eval_comb[0] (before regalloc):
bb0:
  v0 = load.i32 [sim + 32]
  v1 = load.i32 [sim + 40]
  v3 = add.w32 v0, v1
  v2 = and.w32 v3, 0xffffffff
  store.i32 [sim + 36], v2
  ret

Execution Unit eval_comb[0] (after regalloc):
bb0:
  v0 = load.i32 [sim + 32]
  v1 = load.i32 [sim + 40]
  v3 = add.w32 v0, v1
  v2 = and.w32 v3, 0xffffffff
  store.i32 [sim + 36], v2
  ret
  Register assignment:
    v0 -> rax
    v1 -> rdx
    v2 -> rax
    v3 -> rax
  x86-64 disassembly:
  0x00000000  push r15
  0x00000002  sub rsp,8
  0x00000006  mov r15,rdi
  0x00000009  mov eax,[r15+20h]
  0x0000000d  mov edx,[r15+28h]
  0x00000011  add eax,edx
  0x00000013  and eax,0FFFFFFFFh
  0x00000018  mov [r15+24h],eax
  0x0000001c  xor eax,eax
  0x0000001e  jmp short 0000000000000020h
  0x00000020  add rsp,8
  0x00000024  pop r15
  0x00000026  ret
