---
source: crates/celox/tests/native_mir.rs
expression: output
---
=== MIR (eval_comb) ===
Execution Unit 0 (before regalloc):
bb0:
  v0 = load.i32 [sim + 0]
  v10 = load.i32 [sim + 44]
  v30 = load.i32 [sim + 20]
  v19 = load.i32 [sim + 64]
  v8 = load.i32 [sim + 40]
  v28 = load.i32 [sim + 16]
  v17 = load.i32 [sim + 60]
  v6 = load.i32 [sim + 36]
  v31 = add v0, v10
  v20 = and v31, 0xffffffff
  v26 = load.i32 [sim + 12]
  v15 = load.i32 [sim + 56]
  v32 = add v20, v30
  v9 = and v32, 0xffffffff
  v4 = load.i32 [sim + 32]
  v33 = add v9, v19
  v29 = and v33, 0xffffffff
  v24 = load.i32 [sim + 8]
  v34 = add v29, v8
  v18 = and v34, 0xffffffff
  v13 = load.i32 [sim + 52]
  v35 = add v18, v28
  v7 = and v35, 0xffffffff
  v2 = load.i32 [sim + 28]
  v36 = add v7, v17
  v27 = and v36, 0xffffffff
  v22 = load.i32 [sim + 4]
  v37 = add v27, v6
  v16 = and v37, 0xffffffff
  v11 = load.i32 [sim + 48]
  v38 = add v16, v26
  v5 = and v38, 0xffffffff
  v39 = add v5, v15
  v25 = and v39, 0xffffffff
  v40 = add v25, v4
  v14 = and v40, 0xffffffff
  v41 = add v14, v24
  v3 = and v41, 0xffffffff
  v42 = add v3, v13
  v23 = and v42, 0xffffffff
  v43 = add v23, v2
  v12 = and v43, 0xffffffff
  v44 = add v12, v22
  v1 = and v44, 0xffffffff
  v45 = add v1, v11
  v21 = and v45, 0xffffffff
  store.i32 [sim + 24], v21
  ret

Execution Unit 0 (after regalloc):
bb0:
  v0 = load.i32 [sim + 0]
  v10 = load.i32 [sim + 44]
  v30 = load.i32 [sim + 20]
  v19 = load.i32 [sim + 64]
  v8 = load.i32 [sim + 40]
  v28 = load.i32 [sim + 16]
  v17 = load.i32 [sim + 60]
  v6 = load.i32 [sim + 36]
  v31 = add v0, v10
  v20 = and v31, 0xffffffff
  v26 = load.i32 [sim + 12]
  v15 = load.i32 [sim + 56]
  v32 = add v20, v30
  v9 = and v32, 0xffffffff
  v4 = load.i32 [sim + 32]
  v33 = add v9, v19
  v29 = and v33, 0xffffffff
  v24 = load.i32 [sim + 8]
  v34 = add v29, v8
  v18 = and v34, 0xffffffff
  v13 = load.i32 [sim + 52]
  v35 = add v18, v28
  v7 = and v35, 0xffffffff
  v2 = load.i32 [sim + 28]
  v36 = add v7, v17
  v27 = and v36, 0xffffffff
  v22 = load.i32 [sim + 4]
  v37 = add v27, v6
  v16 = and v37, 0xffffffff
  v11 = load.i32 [sim + 48]
  v38 = add v16, v26
  v5 = and v38, 0xffffffff
  v39 = add v5, v15
  v25 = and v39, 0xffffffff
  v40 = add v25, v4
  v14 = and v40, 0xffffffff
  v41 = add v14, v24
  v3 = and v41, 0xffffffff
  v42 = add v3, v13
  v23 = and v42, 0xffffffff
  v43 = add v23, v2
  v12 = and v43, 0xffffffff
  v44 = add v12, v22
  v1 = and v44, 0xffffffff
  v45 = add v1, v11
  v21 = and v45, 0xffffffff
  store.i32 [sim + 24], v21
  ret
  Register assignment:
    v0 -> rax
    v1 -> rax
    v2 -> r9
    v3 -> rax
    v4 -> rsi
    v5 -> rax
    v6 -> r11
    v7 -> rax
    v8 -> r8
    v9 -> rax
    v10 -> rdx
    v11 -> r11
    v12 -> rax
    v13 -> r8
    v14 -> rax
    v15 -> rcx
    v16 -> rax
    v17 -> r10
    v18 -> rax
    v19 -> rdi
    v20 -> rax
    v21 -> rax
    v22 -> r10
    v23 -> rax
    v24 -> rdi
    v25 -> rax
    v26 -> rdx
    v27 -> rax
    v28 -> r9
    v29 -> rax
    v30 -> rsi
    v31 -> rcx
    v32 -> rbx
    v33 -> rbx
    v34 -> rbx
    v35 -> rbx
    v36 -> rbx
    v37 -> rbx
    v38 -> rbx
    v39 -> rdx
    v40 -> rdx
    v41 -> rdx
    v42 -> rdx
    v43 -> rdx
    v44 -> rdx
    v45 -> rdx
  x86-64 disassembly:
  0x00000000  push rbx
  0x00000001  push r15
  0x00000003  mov r15,rdi
  0x00000006  mov eax,[r15]
  0x00000009  mov edx,[r15+2Ch]
  0x0000000d  mov esi,[r15+14h]
  0x00000011  mov edi,[r15+40h]
  0x00000015  mov r8d,[r15+28h]
  0x00000019  mov r9d,[r15+10h]
  0x0000001d  mov r10d,[r15+3Ch]
  0x00000021  mov r11d,[r15+24h]
  0x00000025  mov rcx,rax
  0x00000028  add rcx,rdx
  0x0000002b  mov rax,rcx
  0x0000002e  and eax,0FFFFFFFFh
  0x00000033  mov edx,[r15+0Ch]
  0x00000037  mov ecx,[r15+38h]
  0x0000003b  mov rbx,rax
  0x0000003e  add rbx,rsi
  0x00000041  mov rax,rbx
  0x00000044  and eax,0FFFFFFFFh
  0x00000049  mov esi,[r15+20h]
  0x0000004d  mov rbx,rax
  0x00000050  add rbx,rdi
  0x00000053  mov rax,rbx
  0x00000056  and eax,0FFFFFFFFh
  0x0000005b  mov edi,[r15+8]
  0x0000005f  mov rbx,rax
  0x00000062  add rbx,r8
  0x00000065  mov rax,rbx
  0x00000068  and eax,0FFFFFFFFh
  0x0000006d  mov r8d,[r15+34h]
  0x00000071  mov rbx,rax
  0x00000074  add rbx,r9
  0x00000077  mov rax,rbx
  0x0000007a  and eax,0FFFFFFFFh
  0x0000007f  mov r9d,[r15+1Ch]
  0x00000083  mov rbx,rax
  0x00000086  add rbx,r10
  0x00000089  mov rax,rbx
  0x0000008c  and eax,0FFFFFFFFh
  0x00000091  mov r10d,[r15+4]
  0x00000095  mov rbx,rax
  0x00000098  add rbx,r11
  0x0000009b  mov rax,rbx
  0x0000009e  and eax,0FFFFFFFFh
  0x000000a3  mov r11d,[r15+30h]
  0x000000a7  mov rbx,rax
  0x000000aa  add rbx,rdx
  0x000000ad  mov rax,rbx
  0x000000b0  and eax,0FFFFFFFFh
  0x000000b5  mov rdx,rax
  0x000000b8  add rdx,rcx
  0x000000bb  mov rax,rdx
  0x000000be  and eax,0FFFFFFFFh
  0x000000c3  mov rdx,rax
  0x000000c6  add rdx,rsi
  0x000000c9  mov rax,rdx
  0x000000cc  and eax,0FFFFFFFFh
  0x000000d1  mov rdx,rax
  0x000000d4  add rdx,rdi
  0x000000d7  mov rax,rdx
  0x000000da  and eax,0FFFFFFFFh
  0x000000df  mov rdx,rax
  0x000000e2  add rdx,r8
  0x000000e5  mov rax,rdx
  0x000000e8  and eax,0FFFFFFFFh
  0x000000ed  mov rdx,rax
  0x000000f0  add rdx,r9
  0x000000f3  mov rax,rdx
  0x000000f6  and eax,0FFFFFFFFh
  0x000000fb  mov rdx,rax
  0x000000fe  add rdx,r10
  0x00000101  mov rax,rdx
  0x00000104  and eax,0FFFFFFFFh
  0x00000109  mov rdx,rax
  0x0000010c  add rdx,r11
  0x0000010f  mov rax,rdx
  0x00000112  and eax,0FFFFFFFFh
  0x00000117  mov [r15+18h],eax
  0x0000011b  xor eax,eax
  0x0000011d  jmp short 000000000000011Fh
  0x0000011f  pop r15
  0x00000121  pop rbx
  0x00000122  ret
