---
source: crates/celox/tests/native_mir.rs
expression: output
---
=== MIR used by native emission ===
=== Native function eval_comb ===
--- MIR after optimization, before register allocation ---
bb0:
  ret
--- MIR after pressure scheduling, before CSSA and spilling ---
bb0:
  ret
--- MIR after register allocation and post-RA peepholes ---
bb0:
  ret
Spill frame: 0 bytes
Register assignment:
x86-64 disassembly of emitted function:
  0x00000000  push r15
  0x00000002  sub rsp,8
  0x00000006  mov r15,rdi
  0x00000009  xor eax,eax
  0x0000000b  jmp short 000000000000000Dh
  0x0000000d  add rsp,8
  0x00000011  pop r15
  0x00000013  ret

=== Native function apply_ff[0] ===
Bindings:
  apply_ff trigger=clk
  apply_ff trigger=rst
--- MIR after optimization, before register allocation ---
bb0:
  v0 = load.i8 [sim + 40]
  v1 = and.w32 v0, 0xff
  v2 = load.i8 [sim + 35]
  v4 = and.w64 v2, 0xffffffffffffff00
  v3 = or.w64 v4, v1
  store.i8 [sim + 35], v3
  ret
--- MIR after pressure scheduling, before CSSA and spilling ---
bb0:
  v0 = load.i8 [sim + 40]
  v1 = and.w32 v0, 0xff
  v2 = load.i8 [sim + 35]
  v4 = and.w64 v2, 0xffffffffffffff00
  v3 = or.w64 v4, v1
  store.i8 [sim + 35], v3
  ret
--- MIR after register allocation and post-RA peepholes ---
bb0:
  v0 = load.i8 [sim + 40]
  v1 = and.w32 v0, 0xff
  v2 = load.i8 [sim + 35]
  v4 = and.w64 v2, 0xffffffffffffff00
  v3 = or.w64 v4, v1
  store.i8 [sim + 35], v3
  ret
Spill frame: 0 bytes
Register assignment:
  v0 -> rax
  v1 -> rax
  v2 -> rdx
  v3 -> rdx
  v4 -> rdx
x86-64 disassembly of emitted function:
  0x00000000  push r15
  0x00000002  sub rsp,8
  0x00000006  mov r15,rdi
  0x00000009  movzx eax,byte [r15+28h]
  0x0000000e  and eax,0FFh
  0x00000013  movzx edx,byte [r15+23h]
  0x00000018  and rdx,0FFFFFFFFFFFFFF00h
  0x0000001f  or rdx,rax
  0x00000022  mov [r15+23h],dl
  0x00000026  xor eax,eax
  0x00000028  jmp short 000000000000002Ah
  0x0000002a  add rsp,8
  0x0000002e  pop r15
  0x00000030  ret

=== Native function eval_apply_ff[0] ===
Bindings:
  eval_apply_ff trigger=clk
  eval_apply_ff trigger=rst
--- MIR after optimization, before register allocation ---
bb0:
  v0 = load.i8 [sim + 33]
  v1 = cmp.Eq v0, 0
  br v1, bb1, bb2
bb1:
  v3 = imm 0x0
  store.i8 [sim + 35], v3
  jmp bb3
bb2:
  v6 = load.i8 [sim + 34]
  store.i8 [sim + 35], v6
  jmp bb3
bb3:
  ret
--- MIR after pressure scheduling, before CSSA and spilling ---
bb0:
  v0 = load.i8 [sim + 33]
  v1 = cmp.Eq v0, 0
  br v1, bb4, bb5
bb4:
  jmp bb1
bb1:
  v3 = imm 0x0
  store.i8 [sim + 35], v3
  jmp bb3
bb5:
  jmp bb2
bb2:
  v6 = load.i8 [sim + 34]
  store.i8 [sim + 35], v6
  jmp bb3
bb3:
  ret
--- MIR after register allocation and post-RA peepholes ---
bb0:
  v0 = load.i8 [sim + 33]
  v1 = cmp.Eq v0, 0
  br v1, bb4, bb5
bb4:
  jmp bb1
bb1:
  v3 = imm 0x0
  store.i8 [sim + 35], v3
  jmp bb3
bb5:
  jmp bb2
bb2:
  v6 = load.i8 [sim + 34]
  store.i8 [sim + 35], v6
  jmp bb3
bb3:
  ret
Spill frame: 0 bytes
Register assignment:
  v0 -> rax
  v1 -> rax
  v3 -> rax
  v6 -> rax
x86-64 disassembly of emitted function:
  0x00000000  push r15
  0x00000002  sub rsp,8
  0x00000006  mov r15,rdi
  0x00000009  movzx eax,byte [r15+21h]
  0x0000000e  test rax,rax
  0x00000011  je short 000000000000001Eh
  0x00000013  movzx eax,byte [r15+22h]
  0x00000018  mov [r15+23h],al
  0x0000001c  jmp short 0000000000000024h
  0x0000001e  xor eax,eax
  0x00000020  mov [r15+23h],al
  0x00000024  xor eax,eax
  0x00000026  jmp short 0000000000000028h
  0x00000028  add rsp,8
  0x0000002c  pop r15
  0x0000002e  ret

=== Native function eval_only_ff[0] ===
Bindings:
  eval_only_ff trigger=clk
  eval_only_ff trigger=rst
--- MIR after optimization, before register allocation ---
bb0:
  v7 = load.i8 [sim + 35]
  v8 = and.w32 v7, 0xff
  v9 = load.i8 [sim + 40]
  v11 = and.w64 v9, 0xffffffffffffff00
  v10 = or.w64 v11, v8
  store.i8 [sim + 40], v10
  v0 = load.i8 [sim + 33]
  v1 = cmp.Eq v0, 0
  br v1, bb1, bb2
bb1:
  v3 = imm 0x0
  store.i8 [sim + 40], v3
  jmp bb3
bb2:
  v6 = load.i8 [sim + 34]
  store.i8 [sim + 40], v6
  jmp bb3
bb3:
  ret
--- MIR after pressure scheduling, before CSSA and spilling ---
bb0:
  v7 = load.i8 [sim + 35]
  v8 = and.w32 v7, 0xff
  v9 = load.i8 [sim + 40]
  v11 = and.w64 v9, 0xffffffffffffff00
  v10 = or.w64 v11, v8
  store.i8 [sim + 40], v10
  v0 = load.i8 [sim + 33]
  v1 = cmp.Eq v0, 0
  br v1, bb4, bb5
bb4:
  jmp bb1
bb1:
  v3 = imm 0x0
  store.i8 [sim + 40], v3
  jmp bb3
bb5:
  jmp bb2
bb2:
  v6 = load.i8 [sim + 34]
  store.i8 [sim + 40], v6
  jmp bb3
bb3:
  ret
--- MIR after register allocation and post-RA peepholes ---
bb0:
  v7 = load.i8 [sim + 35]
  v8 = and.w32 v7, 0xff
  v9 = load.i8 [sim + 40]
  v11 = and.w64 v9, 0xffffffffffffff00
  v10 = or.w64 v11, v8
  store.i8 [sim + 40], v10
  v0 = load.i8 [sim + 33]
  v1 = cmp.Eq v0, 0
  br v1, bb4, bb5
bb4:
  jmp bb1
bb1:
  v3 = imm 0x0
  store.i8 [sim + 40], v3
  jmp bb3
bb5:
  jmp bb2
bb2:
  v6 = load.i8 [sim + 34]
  store.i8 [sim + 40], v6
  jmp bb3
bb3:
  ret
Spill frame: 0 bytes
Register assignment:
  v0 -> rax
  v1 -> rax
  v3 -> rax
  v6 -> rax
  v7 -> rax
  v8 -> rax
  v9 -> rdx
  v10 -> rdx
  v11 -> rdx
x86-64 disassembly of emitted function:
  0x00000000  push r15
  0x00000002  sub rsp,8
  0x00000006  mov r15,rdi
  0x00000009  movzx eax,byte [r15+23h]
  0x0000000e  and eax,0FFh
  0x00000013  movzx edx,byte [r15+28h]
  0x00000018  and rdx,0FFFFFFFFFFFFFF00h
  0x0000001f  or rdx,rax
  0x00000022  mov [r15+28h],dl
  0x00000026  movzx eax,byte [r15+21h]
  0x0000002b  test rax,rax
  0x0000002e  je short 000000000000003Bh
  0x00000030  movzx eax,byte [r15+22h]
  0x00000035  mov [r15+28h],al
  0x00000039  jmp short 0000000000000041h
  0x0000003b  xor eax,eax
  0x0000003d  mov [r15+28h],al
  0x00000041  xor eax,eax
  0x00000043  jmp short 0000000000000045h
  0x00000045  add rsp,8
  0x00000049  pop r15
  0x0000004b  ret

=== Native function eval_comb_apply_ff[0] ===
Bindings:
  eval_apply_ff trigger=clk
  eval_apply_ff trigger=rst
--- MIR after optimization, before register allocation ---
bb0:
  v0 = load.i8 [sim + 33]
  v1 = cmp.Eq v0, 0
  br v1, bb2, bb3
bb2:
  v3 = imm 0x0
  store.i8 [sim + 35], v3
  jmp bb4
bb3:
  v6 = load.i8 [sim + 34]
  store.i8 [sim + 35], v6
  jmp bb4
bb4:
  ret
--- MIR after pressure scheduling, before CSSA and spilling ---
bb0:
  v0 = load.i8 [sim + 33]
  v1 = cmp.Eq v0, 0
  br v1, bb5, bb6
bb5:
  jmp bb2
bb2:
  v3 = imm 0x0
  store.i8 [sim + 35], v3
  jmp bb4
bb6:
  jmp bb3
bb3:
  v6 = load.i8 [sim + 34]
  store.i8 [sim + 35], v6
  jmp bb4
bb4:
  ret
--- MIR after register allocation and post-RA peepholes ---
bb0:
  v0 = load.i8 [sim + 33]
  v1 = cmp.Eq v0, 0
  br v1, bb5, bb6
bb5:
  jmp bb2
bb2:
  v3 = imm 0x0
  store.i8 [sim + 35], v3
  jmp bb4
bb6:
  jmp bb3
bb3:
  v6 = load.i8 [sim + 34]
  store.i8 [sim + 35], v6
  jmp bb4
bb4:
  ret
Spill frame: 0 bytes
Register assignment:
  v0 -> rax
  v1 -> rax
  v3 -> rax
  v6 -> rax
x86-64 disassembly of emitted function:
  0x00000000  push r15
  0x00000002  sub rsp,8
  0x00000006  mov r15,rdi
  0x00000009  movzx eax,byte [r15+21h]
  0x0000000e  test rax,rax
  0x00000011  je short 000000000000001Eh
  0x00000013  movzx eax,byte [r15+22h]
  0x00000018  mov [r15+23h],al
  0x0000001c  jmp short 0000000000000024h
  0x0000001e  xor eax,eax
  0x00000020  mov [r15+23h],al
  0x00000024  xor eax,eax
  0x00000026  jmp short 0000000000000028h
  0x00000028  add rsp,8
  0x0000002c  pop r15
  0x0000002e  ret
