---
source: crates/celox/tests/native_mir.rs
expression: output
---
=== MIR (eval_comb) ===
Execution Unit 0 (before regalloc):
bb0:
  ret

Execution Unit 0 (after regalloc):
bb0:
  ret
  Register assignment:
  x86-64 disassembly:
  0x00000000  push r15
  0x00000002  sub rsp,8
  0x00000006  mov r15,rdi
  0x00000009  xor eax,eax
  0x0000000b  jmp short 000000000000000Dh
  0x0000000d  add rsp,8
  0x00000011  pop r15
  0x00000013  ret
